// Jest Snapshot v1, https://goo.gl/fbAQLP

exports[`snapshot 1`] = `
<DocumentFragment>
  <div>
    <div
      class="MuiGrid-root MuiGrid-container MuiGrid-spacing-xs-3"
    >
      <div
        class="MuiPaper-root MuiCard-root makeStyles-root-235 MuiPaper-elevation1 MuiPaper-rounded"
      >
        <a
          href="/no-category/undefined"
          style="text-decoration: none;"
        >
          <div
            class="MuiCardHeader-root"
          >
            <div
              class="MuiCardHeader-avatar"
            >
              <div
                aria-label="recipe"
                class="MuiAvatar-root MuiAvatar-circle makeStyles-avatar-238 MuiAvatar-colorDefault"
              >
                <p
                  data-testid="discount"
                >
                  --
                </p>
              </div>
            </div>
            <div
              class="MuiCardHeader-content"
            >
              <span
                class="MuiTypography-root MuiCardHeader-title MuiTypography-body2 MuiTypography-displayBlock"
              >
                <p
                  class="name"
                  data-testid="name"
                />
              </span>
              <span
                class="MuiTypography-root MuiCardHeader-subheader MuiTypography-body2 MuiTypography-colorTextSecondary MuiTypography-displayBlock"
              >
                <p
                  data-testid="no-category"
                >
                  No Category
                </p>
              </span>
            </div>
          </div>
          <div
            class="MuiCardMedia-root makeStyles-media-237"
            style="background-image: url(https://i.picsum.photos/id/2/5616/3744.jpg);"
            title="product"
          />
        </a>
        <div
          class="MuiCardContent-root"
        >
          <p
            class="MuiTypography-root MuiTypography-body2 MuiTypography-colorTextSecondary"
          />
          <p
            data-testid="price"
            style="font-size: 2.5vh;"
          >
             points 
          </p>
          <p />
          <p
            class="MuiTypography-root MuiTypography-body2 MuiTypography-colorPrimary"
          />
          <p
            data-testid="description"
          >
            This impressive paella is a perfect party dish and a fun meal tocook together with your guests. Add 1 cup of frozen peas along with the mussels, if you like.
          </p>
          <p />
        </div>
        <div
          class="MuiCardActions-root"
          style="justify-content: space-between;"
        >
          <fieldset
            class="MuiBox-root MuiBox-root-421"
          >
            <legend
              class="MuiTypography-root MuiTypography-body1"
            />
            <span
              aria-label="NaN Stars"
              class="MuiRating-root MuiRating-readOnly"
              role="img"
              style="color: rgb(228, 0, 70);"
            >
              <span
                class="MuiRating-decimal"
              >
                <span
                  style="width: 0%; overflow: hidden; z-index: 1; position: absolute;"
                >
                  <span
                    class="MuiRating-icon MuiRating-iconEmpty"
                  >
                    <svg
                      aria-hidden="true"
                      class="MuiSvgIcon-root MuiSvgIcon-fontSizeInherit"
                      focusable="false"
                      role="presentation"
                      viewBox="0 0 24 24"
                    >
                      <path
                        d="M12 17.27L18.18 21l-1.64-7.03L22 9.24l-7.19-.61L12 2 9.19 8.63 2 9.24l5.46 4.73L5.82 21z"
                      />
                    </svg>
                  </span>
                </span>
                <span
                  style="width: 0%; overflow: hidden; z-index: 1; position: absolute;"
                >
                  <span
                    class="MuiRating-icon MuiRating-iconEmpty"
                  >
                    <svg
                      aria-hidden="true"
                      class="MuiSvgIcon-root MuiSvgIcon-fontSizeInherit"
                      focusable="false"
                      role="presentation"
                      viewBox="0 0 24 24"
                    >
                      <path
                        d="M12 17.27L18.18 21l-1.64-7.03L22 9.24l-7.19-.61L12 2 9.19 8.63 2 9.24l5.46 4.73L5.82 21z"
                      />
                    </svg>
                  </span>
                </span>
                <span
                  style="width: 0%; overflow: hidden; z-index: 1; position: absolute;"
                >
                  <span
                    class="MuiRating-icon MuiRating-iconEmpty"
                  >
                    <svg
                      aria-hidden="true"
                      class="MuiSvgIcon-root MuiSvgIcon-fontSizeInherit"
                      focusable="false"
                      role="presentation"
                      viewBox="0 0 24 24"
                    >
                      <path
                        d="M12 17.27L18.18 21l-1.64-7.03L22 9.24l-7.19-.61L12 2 9.19 8.63 2 9.24l5.46 4.73L5.82 21z"
                      />
                    </svg>
                  </span>
                </span>
                <span
                  style="width: 0%; overflow: hidden; z-index: 1; position: absolute;"
                >
                  <span
                    class="MuiRating-icon MuiRating-iconEmpty"
                  >
                    <svg
                      aria-hidden="true"
                      class="MuiSvgIcon-root MuiSvgIcon-fontSizeInherit"
                      focusable="false"
                      role="presentation"
                      viewBox="0 0 24 24"
                    >
                      <path
                        d="M12 17.27L18.18 21l-1.64-7.03L22 9.24l-7.19-.61L12 2 9.19 8.63 2 9.24l5.46 4.73L5.82 21z"
                      />
                    </svg>
                  </span>
                </span>
                <span
                  style="width: 0%; overflow: hidden; z-index: 1; position: absolute;"
                >
                  <span
                    class="MuiRating-icon MuiRating-iconEmpty"
                  >
                    <svg
                      aria-hidden="true"
                      class="MuiSvgIcon-root MuiSvgIcon-fontSizeInherit"
                      focusable="false"
                      role="presentation"
                      viewBox="0 0 24 24"
                    >
                      <path
                        d="M12 17.27L18.18 21l-1.64-7.03L22 9.24l-7.19-.61L12 2 9.19 8.63 2 9.24l5.46 4.73L5.82 21z"
                      />
                    </svg>
                  </span>
                </span>
                <span
                  style="width: 0%; overflow: hidden; z-index: 1; position: absolute;"
                >
                  <span
                    class="MuiRating-icon MuiRating-iconEmpty"
                  >
                    <svg
                      aria-hidden="true"
                      class="MuiSvgIcon-root MuiSvgIcon-fontSizeInherit"
                      focusable="false"
                      role="presentation"
                      viewBox="0 0 24 24"
                    >
                      <path
                        d="M12 17.27L18.18 21l-1.64-7.03L22 9.24l-7.19-.61L12 2 9.19 8.63 2 9.24l5.46 4.73L5.82 21z"
                      />
                    </svg>
                  </span>
                </span>
                <span
                  style="width: 0%; overflow: hidden; z-index: 1; position: absolute;"
                >
                  <span
                    class="MuiRating-icon MuiRating-iconEmpty"
                  >
                    <svg
                      aria-hidden="true"
                      class="MuiSvgIcon-root MuiSvgIcon-fontSizeInherit"
                      focusable="false"
                      role="presentation"
                      viewBox="0 0 24 24"
                    >
                      <path
                        d="M12 17.27L18.18 21l-1.64-7.03L22 9.24l-7.19-.61L12 2 9.19 8.63 2 9.24l5.46 4.73L5.82 21z"
                      />
                    </svg>
                  </span>
                </span>
                <span
                  style="width: 0%; overflow: hidden; z-index: 1; position: absolute;"
                >
                  <span
                    class="MuiRating-icon MuiRating-iconEmpty"
                  >
                    <svg
                      aria-hidden="true"
                      class="MuiSvgIcon-root MuiSvgIcon-fontSizeInherit"
                      focusable="false"
                      role="presentation"
                      viewBox="0 0 24 24"
                    >
                      <path
                        d="M12 17.27L18.18 21l-1.64-7.03L22 9.24l-7.19-.61L12 2 9.19 8.63 2 9.24l5.46 4.73L5.82 21z"
                      />
                    </svg>
                  </span>
                </span>
                <span
                  style="width: 0%; overflow: hidden; z-index: 1; position: absolute;"
                >
                  <span
                    class="MuiRating-icon MuiRating-iconEmpty"
                  >
                    <svg
                      aria-hidden="true"
                      class="MuiSvgIcon-root MuiSvgIcon-fontSizeInherit"
                      focusable="false"
                      role="presentation"
                      viewBox="0 0 24 24"
                    >
                      <path
                        d="M12 17.27L18.18 21l-1.64-7.03L22 9.24l-7.19-.61L12 2 9.19 8.63 2 9.24l5.46 4.73L5.82 21z"
                      />
                    </svg>
                  </span>
                </span>
                <span>
                  <span
                    class="MuiRating-icon MuiRating-iconEmpty"
                  >
                    <svg
                      aria-hidden="true"
                      class="MuiSvgIcon-root MuiSvgIcon-fontSizeInherit"
                      focusable="false"
                      role="presentation"
                      viewBox="0 0 24 24"
                    >
                      <path
                        d="M12 17.27L18.18 21l-1.64-7.03L22 9.24l-7.19-.61L12 2 9.19 8.63 2 9.24l5.46 4.73L5.82 21z"
                      />
                    </svg>
                  </span>
                </span>
              </span>
              <span
                class="MuiRating-decimal"
              >
                <span
                  style="width: 0%; overflow: hidden; z-index: 1; position: absolute;"
                >
                  <span
                    class="MuiRating-icon MuiRating-iconEmpty"
                  >
                    <svg
                      aria-hidden="true"
                      class="MuiSvgIcon-root MuiSvgIcon-fontSizeInherit"
                      focusable="false"
                      role="presentation"
                      viewBox="0 0 24 24"
                    >
                      <path
                        d="M12 17.27L18.18 21l-1.64-7.03L22 9.24l-7.19-.61L12 2 9.19 8.63 2 9.24l5.46 4.73L5.82 21z"
                      />
                    </svg>
                  </span>
                </span>
                <span
                  style="width: 0%; overflow: hidden; z-index: 1; position: absolute;"
                >
                  <span
                    class="MuiRating-icon MuiRating-iconEmpty"
                  >
                    <svg
                      aria-hidden="true"
                      class="MuiSvgIcon-root MuiSvgIcon-fontSizeInherit"
                      focusable="false"
                      role="presentation"
                      viewBox="0 0 24 24"
                    >
                      <path
                        d="M12 17.27L18.18 21l-1.64-7.03L22 9.24l-7.19-.61L12 2 9.19 8.63 2 9.24l5.46 4.73L5.82 21z"
                      />
                    </svg>
                  </span>
                </span>
                <span
                  style="width: 0%; overflow: hidden; z-index: 1; position: absolute;"
                >
                  <span
                    class="MuiRating-icon MuiRating-iconEmpty"
                  >
                    <svg
                      aria-hidden="true"
                      class="MuiSvgIcon-root MuiSvgIcon-fontSizeInherit"
                      focusable="false"
                      role="presentation"
                      viewBox="0 0 24 24"
                    >
                      <path
                        d="M12 17.27L18.18 21l-1.64-7.03L22 9.24l-7.19-.61L12 2 9.19 8.63 2 9.24l5.46 4.73L5.82 21z"
                      />
                    </svg>
                  </span>
                </span>
                <span
                  style="width: 0%; overflow: hidden; z-index: 1; position: absolute;"
                >
                  <span
                    class="MuiRating-icon MuiRating-iconEmpty"
                  >
                    <svg
                      aria-hidden="true"
                      class="MuiSvgIcon-root MuiSvgIcon-fontSizeInherit"
                      focusable="false"
                      role="presentation"
                      viewBox="0 0 24 24"
                    >
                      <path
                        d="M12 17.27L18.18 21l-1.64-7.03L22 9.24l-7.19-.61L12 2 9.19 8.63 2 9.24l5.46 4.73L5.82 21z"
                      />
                    </svg>
                  </span>
                </span>
                <span
                  style="width: 0%; overflow: hidden; z-index: 1; position: absolute;"
                >
                  <span
                    class="MuiRating-icon MuiRating-iconEmpty"
                  >
                    <svg
                      aria-hidden="true"
                      class="MuiSvgIcon-root MuiSvgIcon-fontSizeInherit"
                      focusable="false"
                      role="presentation"
                      viewBox="0 0 24 24"
                    >
                      <path
                        d="M12 17.27L18.18 21l-1.64-7.03L22 9.24l-7.19-.61L12 2 9.19 8.63 2 9.24l5.46 4.73L5.82 21z"
                      />
                    </svg>
                  </span>
                </span>
                <span
                  style="width: 0%; overflow: hidden; z-index: 1; position: absolute;"
                >
                  <span
                    class="MuiRating-icon MuiRating-iconEmpty"
                  >
                    <svg
                      aria-hidden="true"
                      class="MuiSvgIcon-root MuiSvgIcon-fontSizeInherit"
                      focusable="false"
                      role="presentation"
                      viewBox="0 0 24 24"
                    >
                      <path
                        d="M12 17.27L18.18 21l-1.64-7.03L22 9.24l-7.19-.61L12 2 9.19 8.63 2 9.24l5.46 4.73L5.82 21z"
                      />
                    </svg>
                  </span>
                </span>
                <span
                  style="width: 0%; overflow: hidden; z-index: 1; position: absolute;"
                >
                  <span
                    class="MuiRating-icon MuiRating-iconEmpty"
                  >
                    <svg
                      aria-hidden="true"
                      class="MuiSvgIcon-root MuiSvgIcon-fontSizeInherit"
                      focusable="false"
                      role="presentation"
                      viewBox="0 0 24 24"
                    >
                      <path
                        d="M12 17.27L18.18 21l-1.64-7.03L22 9.24l-7.19-.61L12 2 9.19 8.63 2 9.24l5.46 4.73L5.82 21z"
                      />
                    </svg>
                  </span>
                </span>
                <span
                  style="width: 0%; overflow: hidden; z-index: 1; position: absolute;"
                >
                  <span
                    class="MuiRating-icon MuiRating-iconEmpty"
                  >
                    <svg
                      aria-hidden="true"
                      class="MuiSvgIcon-root MuiSvgIcon-fontSizeInherit"
                      focusable="false"
                      role="presentation"
                      viewBox="0 0 24 24"
                    >
                      <path
                        d="M12 17.27L18.18 21l-1.64-7.03L22 9.24l-7.19-.61L12 2 9.19 8.63 2 9.24l5.46 4.73L5.82 21z"
                      />
                    </svg>
                  </span>
                </span>
                <span
                  style="width: 0%; overflow: hidden; z-index: 1; position: absolute;"
                >
                  <span
                    class="MuiRating-icon MuiRating-iconEmpty"
                  >
                    <svg
                      aria-hidden="true"
                      class="MuiSvgIcon-root MuiSvgIcon-fontSizeInherit"
                      focusable="false"
                      role="presentation"
                      viewBox="0 0 24 24"
                    >
                      <path
                        d="M12 17.27L18.18 21l-1.64-7.03L22 9.24l-7.19-.61L12 2 9.19 8.63 2 9.24l5.46 4.73L5.82 21z"
                      />
                    </svg>
                  </span>
                </span>
                <span>
                  <span
                    class="MuiRating-icon MuiRating-iconEmpty"
                  >
                    <svg
                      aria-hidden="true"
                      class="MuiSvgIcon-root MuiSvgIcon-fontSizeInherit"
                      focusable="false"
                      role="presentation"
                      viewBox="0 0 24 24"
                    >
                      <path
                        d="M12 17.27L18.18 21l-1.64-7.03L22 9.24l-7.19-.61L12 2 9.19 8.63 2 9.24l5.46 4.73L5.82 21z"
                      />
                    </svg>
                  </span>
                </span>
              </span>
              <span
                class="MuiRating-decimal"
              >
                <span
                  style="width: 0%; overflow: hidden; z-index: 1; position: absolute;"
                >
                  <span
                    class="MuiRating-icon MuiRating-iconEmpty"
                  >
                    <svg
                      aria-hidden="true"
                      class="MuiSvgIcon-root MuiSvgIcon-fontSizeInherit"
                      focusable="false"
                      role="presentation"
                      viewBox="0 0 24 24"
                    >
                      <path
                        d="M12 17.27L18.18 21l-1.64-7.03L22 9.24l-7.19-.61L12 2 9.19 8.63 2 9.24l5.46 4.73L5.82 21z"
                      />
                    </svg>
                  </span>
                </span>
                <span
                  style="width: 0%; overflow: hidden; z-index: 1; position: absolute;"
                >
                  <span
                    class="MuiRating-icon MuiRating-iconEmpty"
                  >
                    <svg
                      aria-hidden="true"
                      class="MuiSvgIcon-root MuiSvgIcon-fontSizeInherit"
                      focusable="false"
                      role="presentation"
                      viewBox="0 0 24 24"
                    >
                      <path
                        d="M12 17.27L18.18 21l-1.64-7.03L22 9.24l-7.19-.61L12 2 9.19 8.63 2 9.24l5.46 4.73L5.82 21z"
                      />
                    </svg>
                  </span>
                </span>
                <span
                  style="width: 0%; overflow: hidden; z-index: 1; position: absolute;"
                >
                  <span
                    class="MuiRating-icon MuiRating-iconEmpty"
                  >
                    <svg
                      aria-hidden="true"
                      class="MuiSvgIcon-root MuiSvgIcon-fontSizeInherit"
                      focusable="false"
                      role="presentation"
                      viewBox="0 0 24 24"
                    >
                      <path
                        d="M12 17.27L18.18 21l-1.64-7.03L22 9.24l-7.19-.61L12 2 9.19 8.63 2 9.24l5.46 4.73L5.82 21z"
                      />
                    </svg>
                  </span>
                </span>
                <span
                  style="width: 0%; overflow: hidden; z-index: 1; position: absolute;"
                >
                  <span
                    class="MuiRating-icon MuiRating-iconEmpty"
                  >
                    <svg
                      aria-hidden="true"
                      class="MuiSvgIcon-root MuiSvgIcon-fontSizeInherit"
                      focusable="false"
                      role="presentation"
                      viewBox="0 0 24 24"
                    >
                      <path
                        d="M12 17.27L18.18 21l-1.64-7.03L22 9.24l-7.19-.61L12 2 9.19 8.63 2 9.24l5.46 4.73L5.82 21z"
                      />
                    </svg>
                  </span>
                </span>
                <span
                  style="width: 0%; overflow: hidden; z-index: 1; position: absolute;"
                >
                  <span
                    class="MuiRating-icon MuiRating-iconEmpty"
                  >
                    <svg
                      aria-hidden="true"
                      class="MuiSvgIcon-root MuiSvgIcon-fontSizeInherit"
                      focusable="false"
                      role="presentation"
                      viewBox="0 0 24 24"
                    >
                      <path
                        d="M12 17.27L18.18 21l-1.64-7.03L22 9.24l-7.19-.61L12 2 9.19 8.63 2 9.24l5.46 4.73L5.82 21z"
                      />
                    </svg>
                  </span>
                </span>
                <span
                  style="width: 0%; overflow: hidden; z-index: 1; position: absolute;"
                >
                  <span
                    class="MuiRating-icon MuiRating-iconEmpty"
                  >
                    <svg
                      aria-hidden="true"
                      class="MuiSvgIcon-root MuiSvgIcon-fontSizeInherit"
                      focusable="false"
                      role="presentation"
                      viewBox="0 0 24 24"
                    >
                      <path
                        d="M12 17.27L18.18 21l-1.64-7.03L22 9.24l-7.19-.61L12 2 9.19 8.63 2 9.24l5.46 4.73L5.82 21z"
                      />
                    </svg>
                  </span>
                </span>
                <span
                  style="width: 0%; overflow: hidden; z-index: 1; position: absolute;"
                >
                  <span
                    class="MuiRating-icon MuiRating-iconEmpty"
                  >
                    <svg
                      aria-hidden="true"
                      class="MuiSvgIcon-root MuiSvgIcon-fontSizeInherit"
                      focusable="false"
                      role="presentation"
                      viewBox="0 0 24 24"
                    >
                      <path
                        d="M12 17.27L18.18 21l-1.64-7.03L22 9.24l-7.19-.61L12 2 9.19 8.63 2 9.24l5.46 4.73L5.82 21z"
                      />
                    </svg>
                  </span>
                </span>
                <span
                  style="width: 0%; overflow: hidden; z-index: 1; position: absolute;"
                >
                  <span
                    class="MuiRating-icon MuiRating-iconEmpty"
                  >
                    <svg
                      aria-hidden="true"
                      class="MuiSvgIcon-root MuiSvgIcon-fontSizeInherit"
                      focusable="false"
                      role="presentation"
                      viewBox="0 0 24 24"
                    >
                      <path
                        d="M12 17.27L18.18 21l-1.64-7.03L22 9.24l-7.19-.61L12 2 9.19 8.63 2 9.24l5.46 4.73L5.82 21z"
                      />
                    </svg>
                  </span>
                </span>
                <span
                  style="width: 0%; overflow: hidden; z-index: 1; position: absolute;"
                >
                  <span
                    class="MuiRating-icon MuiRating-iconEmpty"
                  >
                    <svg
                      aria-hidden="true"
                      class="MuiSvgIcon-root MuiSvgIcon-fontSizeInherit"
                      focusable="false"
                      role="presentation"
                      viewBox="0 0 24 24"
                    >
                      <path
                        d="M12 17.27L18.18 21l-1.64-7.03L22 9.24l-7.19-.61L12 2 9.19 8.63 2 9.24l5.46 4.73L5.82 21z"
                      />
                    </svg>
                  </span>
                </span>
                <span>
                  <span
                    class="MuiRating-icon MuiRating-iconEmpty"
                  >
                    <svg
                      aria-hidden="true"
                      class="MuiSvgIcon-root MuiSvgIcon-fontSizeInherit"
                      focusable="false"
                      role="presentation"
                      viewBox="0 0 24 24"
                    >
                      <path
                        d="M12 17.27L18.18 21l-1.64-7.03L22 9.24l-7.19-.61L12 2 9.19 8.63 2 9.24l5.46 4.73L5.82 21z"
                      />
                    </svg>
                  </span>
                </span>
              </span>
              <span
                class="MuiRating-decimal"
              >
                <span
                  style="width: 0%; overflow: hidden; z-index: 1; position: absolute;"
                >
                  <span
                    class="MuiRating-icon MuiRating-iconEmpty"
                  >
                    <svg
                      aria-hidden="true"
                      class="MuiSvgIcon-root MuiSvgIcon-fontSizeInherit"
                      focusable="false"
                      role="presentation"
                      viewBox="0 0 24 24"
                    >
                      <path
                        d="M12 17.27L18.18 21l-1.64-7.03L22 9.24l-7.19-.61L12 2 9.19 8.63 2 9.24l5.46 4.73L5.82 21z"
                      />
                    </svg>
                  </span>
                </span>
                <span
                  style="width: 0%; overflow: hidden; z-index: 1; position: absolute;"
                >
                  <span
                    class="MuiRating-icon MuiRating-iconEmpty"
                  >
                    <svg
                      aria-hidden="true"
                      class="MuiSvgIcon-root MuiSvgIcon-fontSizeInherit"
                      focusable="false"
                      role="presentation"
                      viewBox="0 0 24 24"
                    >
                      <path
                        d="M12 17.27L18.18 21l-1.64-7.03L22 9.24l-7.19-.61L12 2 9.19 8.63 2 9.24l5.46 4.73L5.82 21z"
                      />
                    </svg>
                  </span>
                </span>
                <span
                  style="width: 0%; overflow: hidden; z-index: 1; position: absolute;"
                >
                  <span
                    class="MuiRating-icon MuiRating-iconEmpty"
                  >
                    <svg
                      aria-hidden="true"
                      class="MuiSvgIcon-root MuiSvgIcon-fontSizeInherit"
                      focusable="false"
                      role="presentation"
                      viewBox="0 0 24 24"
                    >
                      <path
                        d="M12 17.27L18.18 21l-1.64-7.03L22 9.24l-7.19-.61L12 2 9.19 8.63 2 9.24l5.46 4.73L5.82 21z"
                      />
                    </svg>
                  </span>
                </span>
                <span
                  style="width: 0%; overflow: hidden; z-index: 1; position: absolute;"
                >
                  <span
                    class="MuiRating-icon MuiRating-iconEmpty"
                  >
                    <svg
                      aria-hidden="true"
                      class="MuiSvgIcon-root MuiSvgIcon-fontSizeInherit"
                      focusable="false"
                      role="presentation"
                      viewBox="0 0 24 24"
                    >
                      <path
                        d="M12 17.27L18.18 21l-1.64-7.03L22 9.24l-7.19-.61L12 2 9.19 8.63 2 9.24l5.46 4.73L5.82 21z"
                      />
                    </svg>
                  </span>
                </span>
                <span
                  style="width: 0%; overflow: hidden; z-index: 1; position: absolute;"
                >
                  <span
                    class="MuiRating-icon MuiRating-iconEmpty"
                  >
                    <svg
                      aria-hidden="true"
                      class="MuiSvgIcon-root MuiSvgIcon-fontSizeInherit"
                      focusable="false"
                      role="presentation"
                      viewBox="0 0 24 24"
                    >
                      <path
                        d="M12 17.27L18.18 21l-1.64-7.03L22 9.24l-7.19-.61L12 2 9.19 8.63 2 9.24l5.46 4.73L5.82 21z"
                      />
                    </svg>
                  </span>
                </span>
                <span
                  style="width: 0%; overflow: hidden; z-index: 1; position: absolute;"
                >
                  <span
                    class="MuiRating-icon MuiRating-iconEmpty"
                  >
                    <svg
                      aria-hidden="true"
                      class="MuiSvgIcon-root MuiSvgIcon-fontSizeInherit"
                      focusable="false"
                      role="presentation"
                      viewBox="0 0 24 24"
                    >
                      <path
                        d="M12 17.27L18.18 21l-1.64-7.03L22 9.24l-7.19-.61L12 2 9.19 8.63 2 9.24l5.46 4.73L5.82 21z"
                      />
                    </svg>
                  </span>
                </span>
                <span
                  style="width: 0%; overflow: hidden; z-index: 1; position: absolute;"
                >
                  <span
                    class="MuiRating-icon MuiRating-iconEmpty"
                  >
                    <svg
                      aria-hidden="true"
                      class="MuiSvgIcon-root MuiSvgIcon-fontSizeInherit"
                      focusable="false"
                      role="presentation"
                      viewBox="0 0 24 24"
                    >
                      <path
                        d="M12 17.27L18.18 21l-1.64-7.03L22 9.24l-7.19-.61L12 2 9.19 8.63 2 9.24l5.46 4.73L5.82 21z"
                      />
                    </svg>
                  </span>
                </span>
                <span
                  style="width: 0%; overflow: hidden; z-index: 1; position: absolute;"
                >
                  <span
                    class="MuiRating-icon MuiRating-iconEmpty"
                  >
                    <svg
                      aria-hidden="true"
                      class="MuiSvgIcon-root MuiSvgIcon-fontSizeInherit"
                      focusable="false"
                      role="presentation"
                      viewBox="0 0 24 24"
                    >
                      <path
                        d="M12 17.27L18.18 21l-1.64-7.03L22 9.24l-7.19-.61L12 2 9.19 8.63 2 9.24l5.46 4.73L5.82 21z"
                      />
                    </svg>
                  </span>
                </span>
                <span
                  style="width: 0%; overflow: hidden; z-index: 1; position: absolute;"
                >
                  <span
                    class="MuiRating-icon MuiRating-iconEmpty"
                  >
                    <svg
                      aria-hidden="true"
                      class="MuiSvgIcon-root MuiSvgIcon-fontSizeInherit"
                      focusable="false"
                      role="presentation"
                      viewBox="0 0 24 24"
                    >
                      <path
                        d="M12 17.27L18.18 21l-1.64-7.03L22 9.24l-7.19-.61L12 2 9.19 8.63 2 9.24l5.46 4.73L5.82 21z"
                      />
                    </svg>
                  </span>
                </span>
                <span>
                  <span
                    class="MuiRating-icon MuiRating-iconEmpty"
                  >
                    <svg
                      aria-hidden="true"
                      class="MuiSvgIcon-root MuiSvgIcon-fontSizeInherit"
                      focusable="false"
                      role="presentation"
                      viewBox="0 0 24 24"
                    >
                      <path
                        d="M12 17.27L18.18 21l-1.64-7.03L22 9.24l-7.19-.61L12 2 9.19 8.63 2 9.24l5.46 4.73L5.82 21z"
                      />
                    </svg>
                  </span>
                </span>
              </span>
              <span
                class="MuiRating-decimal"
              >
                <span
                  style="width: 0%; overflow: hidden; z-index: 1; position: absolute;"
                >
                  <span
                    class="MuiRating-icon MuiRating-iconEmpty"
                  >
                    <svg
                      aria-hidden="true"
                      class="MuiSvgIcon-root MuiSvgIcon-fontSizeInherit"
                      focusable="false"
                      role="presentation"
                      viewBox="0 0 24 24"
                    >
                      <path
                        d="M12 17.27L18.18 21l-1.64-7.03L22 9.24l-7.19-.61L12 2 9.19 8.63 2 9.24l5.46 4.73L5.82 21z"
                      />
                    </svg>
                  </span>
                </span>
                <span
                  style="width: 0%; overflow: hidden; z-index: 1; position: absolute;"
                >
                  <span
                    class="MuiRating-icon MuiRating-iconEmpty"
                  >
                    <svg
                      aria-hidden="true"
                      class="MuiSvgIcon-root MuiSvgIcon-fontSizeInherit"
                      focusable="false"
                      role="presentation"
                      viewBox="0 0 24 24"
                    >
                      <path
                        d="M12 17.27L18.18 21l-1.64-7.03L22 9.24l-7.19-.61L12 2 9.19 8.63 2 9.24l5.46 4.73L5.82 21z"
                      />
                    </svg>
                  </span>
                </span>
                <span
                  style="width: 0%; overflow: hidden; z-index: 1; position: absolute;"
                >
                  <span
                    class="MuiRating-icon MuiRating-iconEmpty"
                  >
                    <svg
                      aria-hidden="true"
                      class="MuiSvgIcon-root MuiSvgIcon-fontSizeInherit"
                      focusable="false"
                      role="presentation"
                      viewBox="0 0 24 24"
                    >
                      <path
                        d="M12 17.27L18.18 21l-1.64-7.03L22 9.24l-7.19-.61L12 2 9.19 8.63 2 9.24l5.46 4.73L5.82 21z"
                      />
                    </svg>
                  </span>
                </span>
                <span
                  style="width: 0%; overflow: hidden; z-index: 1; position: absolute;"
                >
                  <span
                    class="MuiRating-icon MuiRating-iconEmpty"
                  >
                    <svg
                      aria-hidden="true"
                      class="MuiSvgIcon-root MuiSvgIcon-fontSizeInherit"
                      focusable="false"
                      role="presentation"
                      viewBox="0 0 24 24"
                    >
                      <path
                        d="M12 17.27L18.18 21l-1.64-7.03L22 9.24l-7.19-.61L12 2 9.19 8.63 2 9.24l5.46 4.73L5.82 21z"
                      />
                    </svg>
                  </span>
                </span>
                <span
                  style="width: 0%; overflow: hidden; z-index: 1; position: absolute;"
                >
                  <span
                    class="MuiRating-icon MuiRating-iconEmpty"
                  >
                    <svg
                      aria-hidden="true"
                      class="MuiSvgIcon-root MuiSvgIcon-fontSizeInherit"
                      focusable="false"
                      role="presentation"
                      viewBox="0 0 24 24"
                    >
                      <path
                        d="M12 17.27L18.18 21l-1.64-7.03L22 9.24l-7.19-.61L12 2 9.19 8.63 2 9.24l5.46 4.73L5.82 21z"
                      />
                    </svg>
                  </span>
                </span>
                <span
                  style="width: 0%; overflow: hidden; z-index: 1; position: absolute;"
                >
                  <span
                    class="MuiRating-icon MuiRating-iconEmpty"
                  >
                    <svg
                      aria-hidden="true"
                      class="MuiSvgIcon-root MuiSvgIcon-fontSizeInherit"
                      focusable="false"
                      role="presentation"
                      viewBox="0 0 24 24"
                    >
                      <path
                        d="M12 17.27L18.18 21l-1.64-7.03L22 9.24l-7.19-.61L12 2 9.19 8.63 2 9.24l5.46 4.73L5.82 21z"
                      />
                    </svg>
                  </span>
                </span>
                <span
                  style="width: 0%; overflow: hidden; z-index: 1; position: absolute;"
                >
                  <span
                    class="MuiRating-icon MuiRating-iconEmpty"
                  >
                    <svg
                      aria-hidden="true"
                      class="MuiSvgIcon-root MuiSvgIcon-fontSizeInherit"
                      focusable="false"
                      role="presentation"
                      viewBox="0 0 24 24"
                    >
                      <path
                        d="M12 17.27L18.18 21l-1.64-7.03L22 9.24l-7.19-.61L12 2 9.19 8.63 2 9.24l5.46 4.73L5.82 21z"
                      />
                    </svg>
                  </span>
                </span>
                <span
                  style="width: 0%; overflow: hidden; z-index: 1; position: absolute;"
                >
                  <span
                    class="MuiRating-icon MuiRating-iconEmpty"
                  >
                    <svg
                      aria-hidden="true"
                      class="MuiSvgIcon-root MuiSvgIcon-fontSizeInherit"
                      focusable="false"
                      role="presentation"
                      viewBox="0 0 24 24"
                    >
                      <path
                        d="M12 17.27L18.18 21l-1.64-7.03L22 9.24l-7.19-.61L12 2 9.19 8.63 2 9.24l5.46 4.73L5.82 21z"
                      />
                    </svg>
                  </span>
                </span>
                <span
                  style="width: 0%; overflow: hidden; z-index: 1; position: absolute;"
                >
                  <span
                    class="MuiRating-icon MuiRating-iconEmpty"
                  >
                    <svg
                      aria-hidden="true"
                      class="MuiSvgIcon-root MuiSvgIcon-fontSizeInherit"
                      focusable="false"
                      role="presentation"
                      viewBox="0 0 24 24"
                    >
                      <path
                        d="M12 17.27L18.18 21l-1.64-7.03L22 9.24l-7.19-.61L12 2 9.19 8.63 2 9.24l5.46 4.73L5.82 21z"
                      />
                    </svg>
                  </span>
                </span>
                <span>
                  <span
                    class="MuiRating-icon MuiRating-iconEmpty"
                  >
                    <svg
                      aria-hidden="true"
                      class="MuiSvgIcon-root MuiSvgIcon-fontSizeInherit"
                      focusable="false"
                      role="presentation"
                      viewBox="0 0 24 24"
                    >
                      <path
                        d="M12 17.27L18.18 21l-1.64-7.03L22 9.24l-7.19-.61L12 2 9.19 8.63 2 9.24l5.46 4.73L5.82 21z"
                      />
                    </svg>
                  </span>
                </span>
              </span>
            </span>
          </fieldset>
          <p
            style="margin-bottom: 29px; margin-right: 35px; color: rgb(102, 102, 102); font-size: 15px; font-style: italic;"
          >
            0 reviews
          </p>
          <button
            class="MuiButtonBase-root MuiIconButton-root"
            tabindex="0"
            type="button"
          >
            <span
              class="MuiIconButton-label"
            />
            <span
              class="MuiTouchRipple-root"
            />
          </button>
          <button
            class="MuiButtonBase-root MuiIconButton-root"
            tabindex="0"
            type="button"
          >
            <span
              class="MuiIconButton-label"
            >
              <svg
                aria-hidden="true"
                class="MuiSvgIcon-root"
                focusable="false"
                role="presentation"
                style="color: green;"
                viewBox="0 0 24 24"
              >
                <path
                  d="M11 9h2V6h3V4h-3V1h-2v3H8v2h3v3zm-4 9c-1.1 0-1.99.9-1.99 2S5.9 22 7 22s2-.9 2-2-.9-2-2-2zm10 0c-1.1 0-1.99.9-1.99 2s.89 2 1.99 2 2-.9 2-2-.9-2-2-2zm-9.83-3.25l.03-.12.9-1.63h7.45c.75 0 1.41-.41 1.75-1.03l3.86-7.01L19.42 4h-.01l-1.1 2-2.76 5H8.53l-.13-.27L6.16 6l-.95-2-.94-2H1v2h2l3.6 7.59-1.35 2.45c-.16.28-.25.61-.25.96 0 1.1.9 2 2 2h12v-2H7.42c-.13 0-.25-.11-.25-.25z"
                />
              </svg>
            </span>
            <span
              class="MuiTouchRipple-root"
            />
          </button>
        </div>
      </div>
    </div>
  </div>
</DocumentFragment>
`;
