// Jest Snapshot v1, https://goo.gl/fbAQLP

exports[`should take a snapshot 1`] = `
<DocumentFragment>
  <div
    style="padding-bottom: 2em;"
  >
    <form
      action="#"
    >
      <div
        class="MuiFormControl-root MuiTextField-root MuiFormControl-fullWidth"
      >
        <label
          class="MuiFormLabel-root MuiInputLabel-root MuiInputLabel-formControl MuiInputLabel-animated Mui-required Mui-required"
          data-shrink="false"
        >
          Name
          <span
            class="MuiFormLabel-asterisk MuiInputLabel-asterisk"
          >
             *
          </span>
        </label>
        <div
          class="MuiInputBase-root MuiInput-root MuiInput-underline MuiInputBase-fullWidth MuiInput-fullWidth MuiInputBase-formControl MuiInput-formControl"
        >
          <input
            aria-invalid="false"
            autocomplete="off"
            class="MuiInputBase-input MuiInput-input"
            name="name"
            required=""
            type="text"
            value=""
          />
        </div>
        <p
          class="MuiFormHelperText-root Mui-required"
        />
      </div>
      <div
        class="MuiFormControl-root MuiTextField-root MuiFormControl-fullWidth"
      >
        <label
          class="MuiFormLabel-root MuiInputLabel-root MuiInputLabel-formControl MuiInputLabel-animated Mui-required Mui-required"
          data-shrink="false"
        >
          Email
          <span
            class="MuiFormLabel-asterisk MuiInputLabel-asterisk"
          >
             *
          </span>
        </label>
        <div
          class="MuiInputBase-root MuiInput-root MuiInput-underline MuiInputBase-fullWidth MuiInput-fullWidth MuiInputBase-formControl MuiInput-formControl"
        >
          <input
            aria-invalid="false"
            autocomplete="off"
            class="MuiInputBase-input MuiInput-input"
            name="email"
            required=""
            type="text"
            value=""
          />
        </div>
        <p
          class="MuiFormHelperText-root Mui-required"
        />
      </div>
      <div
        class="MuiFormControl-root MuiTextField-root MuiFormControl-fullWidth"
      >
        <label
          class="MuiFormLabel-root MuiInputLabel-root MuiInputLabel-formControl MuiInputLabel-animated Mui-required Mui-required"
          data-shrink="false"
        >
          Confirm email
          <span
            class="MuiFormLabel-asterisk MuiInputLabel-asterisk"
          >
             *
          </span>
        </label>
        <div
          class="MuiInputBase-root MuiInput-root MuiInput-underline MuiInputBase-fullWidth MuiInput-fullWidth MuiInputBase-formControl MuiInput-formControl"
        >
          <input
            aria-invalid="false"
            autocomplete="off"
            class="MuiInputBase-input MuiInput-input"
            name="confirmEmail"
            required=""
            type="text"
            value=""
          />
        </div>
        <p
          class="MuiFormHelperText-root Mui-required"
        />
      </div>
      <div
        class="MuiFormControl-root MuiTextField-root MuiFormControl-fullWidth"
      >
        <label
          class="MuiFormLabel-root MuiInputLabel-root MuiInputLabel-formControl MuiInputLabel-animated Mui-required Mui-required"
          data-shrink="false"
        >
          Password
          <span
            class="MuiFormLabel-asterisk MuiInputLabel-asterisk"
          >
             *
          </span>
        </label>
        <div
          class="MuiInputBase-root MuiInput-root MuiInput-underline MuiInputBase-fullWidth MuiInput-fullWidth MuiInputBase-formControl MuiInput-formControl"
        >
          <input
            aria-invalid="false"
            autocomplete="off"
            class="MuiInputBase-input MuiInput-input"
            name="password"
            required=""
            type="password"
            value=""
          />
        </div>
        <p
          class="MuiFormHelperText-root Mui-required"
        />
      </div>
      <div
        class="MuiFormControl-root MuiTextField-root MuiFormControl-fullWidth"
      >
        <label
          class="MuiFormLabel-root MuiInputLabel-root MuiInputLabel-formControl MuiInputLabel-animated Mui-required Mui-required"
          data-shrink="false"
        >
          Confirm Password
          <span
            class="MuiFormLabel-asterisk MuiInputLabel-asterisk"
          >
             *
          </span>
        </label>
        <div
          class="MuiInputBase-root MuiInput-root MuiInput-underline MuiInputBase-fullWidth MuiInput-fullWidth MuiInputBase-formControl MuiInput-formControl"
        >
          <input
            aria-invalid="false"
            autocomplete="off"
            class="MuiInputBase-input MuiInput-input"
            name="confirmPassword"
            required=""
            type="password"
            value=""
          />
        </div>
        <p
          class="MuiFormHelperText-root Mui-required"
        />
      </div>
      <br />
      <br />
      <button
        class="MuiButtonBase-root MuiButton-root MuiButton-contained MuiButton-containedPrimary Mui-disabled Mui-disabled"
        disabled=""
        tabindex="-1"
        type="submit"
      >
        <span
          class="MuiButton-label"
        >
          Signup
        </span>
      </button>
       
      <button
        class="MuiButtonBase-root MuiButton-root MuiButton-contained MuiButton-containedPrimary"
        data-testid="Reset"
        tabindex="0"
        type="reset"
      >
        <span
          class="MuiButton-label"
        >
          Reset
        </span>
        <span
          class="MuiTouchRipple-root"
        />
      </button>
      <br />
      <br />
      <p
        class="MuiTypography-root MuiTypography-body2"
        data-testid="hello"
        mx="20"
      >
        Already have an account? 
        <a
          href="/login"
        >
          <span
            class="change"
          >
            Login
          </span>
        </a>
      </p>
      <br />
    </form>
  </div>
</DocumentFragment>
`;
